// Jest Snapshot v1, https://goo.gl/fbAQLP

exports[`Jokes API GET categories should return the list of given categories (bad, fragile test) 1`] = `
Array [
  "animal",
  "career",
  "celebrity",
  "dev",
  "explicit",
  "fashion",
  "food",
  "history",
  "money",
  "movie",
  "music",
  "political",
  "religion",
  "science",
  "sport",
  "travel",
]
`;
