// Jest Snapshot v1, https://goo.gl/fbAQLP

exports[`SearchComponent SearchComponent API form should publish form property 1`] = `
{
  "query": "",
}
`;

exports[`SearchComponent SearchComponent API search() should fill the jokes$ property 1`] = `
[
  {
    "categories": [],
    "created_at": "2020-01-05 13:42:30.480041",
    "icon_url": "https://assets.chucknorris.host/img/avatar/chuck-norris.png",
    "id": "Rjq1W2u8S3uYKDMqfIqVlQ",
    "updated_at": "2020-01-05 13:42:30.480041",
    "url": "https://api.chucknorris.io/jokes/Rjq1W2u8S3uYKDMqfIqVlQ",
    "value": "Chuck Norris once nearly drowned an ocean in a fit of rage.",
  },
  {
    "categories": [],
    "created_at": "2020-01-05 13:42:28.143137",
    "icon_url": "https://assets.chucknorris.host/img/avatar/chuck-norris.png",
    "id": "wYElYsATTVWzI-3__zGwPw",
    "updated_at": "2020-01-05 13:42:28.143137",
    "url": "https://api.chucknorris.io/jokes/wYElYsATTVWzI-3__zGwPw",
    "value": "Chuck Norris died 20 years ago but death just hasnt built up the courage to tell him yet",
  },
]
`;

exports[`SearchComponent SearchComponent search form should connect the form to the template 1`] = `
{
  "query": "Sylvester",
}
`;
